{
  "version": "1.5.0",
  "plugins_used": [
    {
      "name": "ArtifactoryDetector"
    },
    {
      "name": "AWSKeyDetector"
    },
    {
      "name": "AzureStorageKeyDetector"
    },
    {
      "name": "Base64HighEntropyString",
      "limit": 4.5
    },
    {
      "name": "BasicAuthDetector"
    },
    {
      "name": "CloudantDetector"
    },
    {
      "name": "DiscordBotTokenDetector"
    },
    {
      "name": "GitHubTokenDetector"
    },
    {
      "name": "GitLabTokenDetector"
    },
    {
      "name": "HexHighEntropyString",
      "limit": 3.0
    },
    {
      "name": "IbmCloudIamDetector"
    },
    {
      "name": "IbmCosHmacDetector"
    },
    {
      "name": "IPPublicDetector"
    },
    {
      "name": "JwtTokenDetector"
    },
    {
      "name": "KeywordDetector",
      "keyword_exclude": ""
    },
    {
      "name": "MailchimpDetector"
    },
    {
      "name": "NpmDetector"
    },
    {
      "name": "OpenAIDetector"
    },
    {
      "name": "PrivateKeyDetector"
    },
    {
      "name": "PypiTokenDetector"
    },
    {
      "name": "SendGridDetector"
    },
    {
      "name": "SlackDetector"
    },
    {
      "name": "SoftlayerDetector"
    },
    {
      "name": "SquareOAuthDetector"
    },
    {
      "name": "StripeDetector"
    },
    {
      "name": "TelegramBotTokenDetector"
    },
    {
      "name": "TwilioKeyDetector"
    }
  ],
  "filters_used": [
    {
      "path": "detect_secrets.filters.allowlist.is_line_allowlisted"
    },
    {
      "path": "detect_secrets.filters.common.is_baseline_file",
      "filename": ".secrets.baseline"
    },
    {
      "path": "detect_secrets.filters.common.is_ignored_due_to_verification_policies",
      "min_level": 2
    },
    {
      "path": "detect_secrets.filters.heuristic.is_indirect_reference"
    },
    {
      "path": "detect_secrets.filters.heuristic.is_likely_id_string"
    },
    {
      "path": "detect_secrets.filters.heuristic.is_lock_file"
    },
    {
      "path": "detect_secrets.filters.heuristic.is_not_alphanumeric_string"
    },
    {
      "path": "detect_secrets.filters.heuristic.is_potential_uuid"
    },
    {
      "path": "detect_secrets.filters.heuristic.is_prefixed_with_dollar_sign"
    },
    {
      "path": "detect_secrets.filters.heuristic.is_sequential_string"
    },
    {
      "path": "detect_secrets.filters.heuristic.is_swagger_file"
    },
    {
      "path": "detect_secrets.filters.heuristic.is_templated_secret"
    }
  ],
  "results": {
    "README.md": [
      {
        "type": "Secret Keyword",
        "filename": "README.md",
        "hashed_secret": "11fa7c37d697f30e6aee828b4426a10f83ab2380",
        "is_verified": false,
        "line_number": 149
      }
    ],
    "docs/CREDENTIALS.md": [
      {
        "type": "Secret Keyword",
        "filename": "docs/CREDENTIALS.md",
        "hashed_secret": "077a2d97c8313e74442fdb2da3186731e7ac825d",
        "is_verified": false,
        "line_number": 176
      },
      {
        "type": "Secret Keyword",
        "filename": "docs/CREDENTIALS.md",
        "hashed_secret": "324b93c32bebb94748ac73cf0ac4cd37d0ffe99e",
        "is_verified": false,
        "line_number": 437
      }
    ],
    "docs/DEPLOYMENT_GUIDE.md": [
      {
        "type": "Secret Keyword",
        "filename": "docs/DEPLOYMENT_GUIDE.md",
        "hashed_secret": "6d9c68c603e465077bdd49c62347fe54717f83a3",
        "is_verified": false,
        "line_number": 167
      }
    ],
    "docs/GETTING_STARTED.md": [
      {
        "type": "Secret Keyword",
        "filename": "docs/GETTING_STARTED.md",
        "hashed_secret": "10dd29cfdb03918fe786f563f827b792f847b3dd",
        "is_verified": false,
        "line_number": 192
      },
      {
        "type": "Secret Keyword",
        "filename": "docs/GETTING_STARTED.md",
        "hashed_secret": "a6778f1880744bd1a342a8e3789135412d8f9da2",
        "is_verified": false,
        "line_number": 223
      },
      {
        "type": "Secret Keyword",
        "filename": "docs/GETTING_STARTED.md",
        "hashed_secret": "11fa7c37d697f30e6aee828b4426a10f83ab2380",
        "is_verified": false,
        "line_number": 363
      },
      {
        "type": "Secret Keyword",
        "filename": "docs/GETTING_STARTED.md",
        "hashed_secret": "0ff6c1dae8aef3ad124b18274672793962c51954",
        "is_verified": false,
        "line_number": 499
      }
    ],
    "docs/GOOSE_SETUP.md": [
      {
        "type": "Secret Keyword",
        "filename": "docs/GOOSE_SETUP.md",
        "hashed_secret": "bad20ce8953a58e8c0e634c770cbd5ab0644b617",
        "is_verified": false,
        "line_number": 367
      },
      {
        "type": "Secret Keyword",
        "filename": "docs/GOOSE_SETUP.md",
        "hashed_secret": "c7a8c334eef5d1749fface7d42c66f9ae5e8cf36",
        "is_verified": false,
        "line_number": 368
      },
      {
        "type": "Secret Keyword",
        "filename": "docs/GOOSE_SETUP.md",
        "hashed_secret": "a219d7693c25cd2d93313512e200ff3eb374d281",
        "is_verified": false,
        "line_number": 369
      },
      {
        "type": "Secret Keyword",
        "filename": "docs/GOOSE_SETUP.md",
        "hashed_secret": "709cb3397618155abdb90666b163355546be6a47",
        "is_verified": false,
        "line_number": 370
      }
    ],
    "docs/INIT_COMMAND_GUIDE.md": [
      {
        "type": "Secret Keyword",
        "filename": "docs/INIT_COMMAND_GUIDE.md",
        "hashed_secret": "a8253456364f1bfc7da7ae4a1db5b45d106317a5",
        "is_verified": false,
        "line_number": 91
      },
      {
        "type": "Secret Keyword",
        "filename": "docs/INIT_COMMAND_GUIDE.md",
        "hashed_secret": "354b3a4b7715d3694c88a4fa7db49e41de86568e",
        "is_verified": false,
        "line_number": 113
      },
      {
        "type": "Secret Keyword",
        "filename": "docs/INIT_COMMAND_GUIDE.md",
        "hashed_secret": "036b7ce5a63f97e96313662f01623758e223b9a1",
        "is_verified": false,
        "line_number": 620
      }
    ],
    "docs/ci-cd-usage.md": [
      {
        "type": "Secret Keyword",
        "filename": "docs/ci-cd-usage.md",
        "hashed_secret": "6d9c68c603e465077bdd49c62347fe54717f83a3",
        "is_verified": false,
        "line_number": 208
      }
    ],
    "docs/secrets-setup.md": [
      {
        "type": "Secret Keyword",
        "filename": "docs/secrets-setup.md",
        "hashed_secret": "6d9c68c603e465077bdd49c62347fe54717f83a3",
        "is_verified": false,
        "line_number": 166
      }
    ],
    "repo_sapiens/cli/health.py": [
      {
        "type": "Secret Keyword",
        "filename": "repo_sapiens/cli/health.py",
        "hashed_secret": "2be88ca4242c76e8253ac62474851065032d6833",
        "is_verified": false,
        "line_number": 167
      }
    ],
    "repo_sapiens/cli/init.py": [
      {
        "type": "Secret Keyword",
        "filename": "repo_sapiens/cli/init.py",
        "hashed_secret": "6d9c68c603e465077bdd49c62347fe54717f83a3",
        "is_verified": false,
        "line_number": 82
      },
      {
        "type": "Secret Keyword",
        "filename": "repo_sapiens/cli/init.py",
        "hashed_secret": "c267b646441a206d44803d8cb20896c4a166cac2",
        "is_verified": false,
        "line_number": 1101
      },
      {
        "type": "Secret Keyword",
        "filename": "repo_sapiens/cli/init.py",
        "hashed_secret": "2be88ca4242c76e8253ac62474851065032d6833",
        "is_verified": false,
        "line_number": 1193
      }
    ],
    "repo_sapiens/config/playground_config.yaml": [
      {
        "type": "Hex High Entropy String",
        "filename": "repo_sapiens/config/playground_config.yaml",
        "hashed_secret": "e3c128f97c9621ebcf256fe608df4e4fc73a9441",
        "is_verified": false,
        "line_number": 7
      }
    ],
    "repo_sapiens/credentials/encrypted_backend.py": [
      {
        "type": "Secret Keyword",
        "filename": "repo_sapiens/credentials/encrypted_backend.py",
        "hashed_secret": "354b3a4b7715d3694c88a4fa7db49e41de86568e",
        "is_verified": false,
        "line_number": 42
      }
    ],
    "repo_sapiens/providers/github_rest.py": [
      {
        "type": "Secret Keyword",
        "filename": "repo_sapiens/providers/github_rest.py",
        "hashed_secret": "326b426f9ac7a96ed6baf62f8838565416d27df8",
        "is_verified": false,
        "line_number": 424
      }
    ],
    "repo_sapiens/utils/agent_detector.py": [
      {
        "type": "Secret Keyword",
        "filename": "repo_sapiens/utils/agent_detector.py",
        "hashed_secret": "02ecb94373bfb3dfe827ca18409f50b016e8302a",
        "is_verified": false,
        "line_number": 318
      },
      {
        "type": "Secret Keyword",
        "filename": "repo_sapiens/utils/agent_detector.py",
        "hashed_secret": "f8ca0d7266886f4b5be9adddc9b66017b3bf1a4b",
        "is_verified": false,
        "line_number": 339
      },
      {
        "type": "Secret Keyword",
        "filename": "repo_sapiens/utils/agent_detector.py",
        "hashed_secret": "96133e4265d7a277409c8094e5eff6a41934cf07",
        "is_verified": false,
        "line_number": 415
      },
      {
        "type": "Secret Keyword",
        "filename": "repo_sapiens/utils/agent_detector.py",
        "hashed_secret": "1a37d41260f96724ee881be5e261b4d043f0626b",
        "is_verified": false,
        "line_number": 443
      },
      {
        "type": "Secret Keyword",
        "filename": "repo_sapiens/utils/agent_detector.py",
        "hashed_secret": "69e8e34d7bf29f8e2159ea3f6b5f34c17b3393ad",
        "is_verified": false,
        "line_number": 466
      }
    ],
    "tests/conftest.py": [
      {
        "type": "Secret Keyword",
        "filename": "tests/conftest.py",
        "hashed_secret": "3acfb2c2b433c0ea7ff107e33df91b18e52f960f",
        "is_verified": false,
        "line_number": 140
      }
    ],
    "tests/test_credentials/test_encrypted_backend.py": [
      {
        "type": "Secret Keyword",
        "filename": "tests/test_credentials/test_encrypted_backend.py",
        "hashed_secret": "a79425d5dfc9cb6e5ed85fa44bf4d63d73e6a5b8",
        "is_verified": false,
        "line_number": 20
      },
      {
        "type": "Secret Keyword",
        "filename": "tests/test_credentials/test_encrypted_backend.py",
        "hashed_secret": "437feeefa7f3ed939b72a4143386258835558b84",
        "is_verified": false,
        "line_number": 162
      }
    ],
    "tests/test_credentials/test_integration.py": [
      {
        "type": "Secret Keyword",
        "filename": "tests/test_credentials/test_integration.py",
        "hashed_secret": "a79425d5dfc9cb6e5ed85fa44bf4d63d73e6a5b8",
        "is_verified": false,
        "line_number": 29
      },
      {
        "type": "Secret Keyword",
        "filename": "tests/test_credentials/test_integration.py",
        "hashed_secret": "5baa61e4c9b93f3f0682250b6cf8331b7ee68fd8",
        "is_verified": false,
        "line_number": 90
      },
      {
        "type": "Secret Keyword",
        "filename": "tests/test_credentials/test_integration.py",
        "hashed_secret": "644ed441683b44fa5dddc1dcdcef224ce6098327",
        "is_verified": false,
        "line_number": 162
      },
      {
        "type": "Secret Keyword",
        "filename": "tests/test_credentials/test_integration.py",
        "hashed_secret": "425697fa9692ea5035739863d2481dbfcddfa31f",
        "is_verified": false,
        "line_number": 187
      },
      {
        "type": "Secret Keyword",
        "filename": "tests/test_credentials/test_integration.py",
        "hashed_secret": "60dae6886103a20b3fd75814ece38eb861246083",
        "is_verified": false,
        "line_number": 221
      },
      {
        "type": "Secret Keyword",
        "filename": "tests/test_credentials/test_integration.py",
        "hashed_secret": "ba8d2c26a7be9765d949c2f0571e26922a4a40a2",
        "is_verified": false,
        "line_number": 255
      }
    ],
    "tests/test_credentials/test_resolver.py": [
      {
        "type": "Secret Keyword",
        "filename": "tests/test_credentials/test_resolver.py",
        "hashed_secret": "5baa61e4c9b93f3f0682250b6cf8331b7ee68fd8",
        "is_verified": false,
        "line_number": 279
      }
    ],
    "tests/test_credentials/test_security.py": [
      {
        "type": "Secret Keyword",
        "filename": "tests/test_credentials/test_security.py",
        "hashed_secret": "437feeefa7f3ed939b72a4143386258835558b84",
        "is_verified": false,
        "line_number": 62
      },
      {
        "type": "Secret Keyword",
        "filename": "tests/test_credentials/test_security.py",
        "hashed_secret": "968c73e728bb8d01bf7e5b0e40cd943f28ce1d42",
        "is_verified": false,
        "line_number": 150
      },
      {
        "type": "Secret Keyword",
        "filename": "tests/test_credentials/test_security.py",
        "hashed_secret": "996e35de57a02b8c71534fb9bcbf1dafc3cd6f69",
        "is_verified": false,
        "line_number": 169
      },
      {
        "type": "Secret Keyword",
        "filename": "tests/test_credentials/test_security.py",
        "hashed_secret": "0d0719a5ccecd7127c0fb2f379adc701201ea6b8",
        "is_verified": false,
        "line_number": 234
      }
    ],
    "tests/unit/test_agent_detector.py": [
      {
        "type": "Secret Keyword",
        "filename": "tests/unit/test_agent_detector.py",
        "hashed_secret": "02ecb94373bfb3dfe827ca18409f50b016e8302a",
        "is_verified": false,
        "line_number": 408
      },
      {
        "type": "Secret Keyword",
        "filename": "tests/unit/test_agent_detector.py",
        "hashed_secret": "f8ca0d7266886f4b5be9adddc9b66017b3bf1a4b",
        "is_verified": false,
        "line_number": 416
      },
      {
        "type": "Secret Keyword",
        "filename": "tests/unit/test_agent_detector.py",
        "hashed_secret": "1a37d41260f96724ee881be5e261b4d043f0626b",
        "is_verified": false,
        "line_number": 441
      }
    ],
    "tests/unit/test_agents_module.py": [
      {
        "type": "Secret Keyword",
        "filename": "tests/unit/test_agents_module.py",
        "hashed_secret": "3acfb2c2b433c0ea7ff107e33df91b18e52f960f",
        "is_verified": false,
        "line_number": 325
      }
    ],
    "tests/unit/test_cli_credentials.py": [
      {
        "type": "Secret Keyword",
        "filename": "tests/unit/test_cli_credentials.py",
        "hashed_secret": "a6db0d7da19cc3f00828c0a80133f401910ca402",
        "is_verified": false,
        "line_number": 671
      },
      {
        "type": "Secret Keyword",
        "filename": "tests/unit/test_cli_credentials.py",
        "hashed_secret": "7576504dc6b2c155f0fd3b236d754bb8cafe3120",
        "is_verified": false,
        "line_number": 683
      }
    ],
    "tests/unit/test_cli_init.py": [
      {
        "type": "Secret Keyword",
        "filename": "tests/unit/test_cli_init.py",
        "hashed_secret": "69dba6dfc0be932d10cdbfaae770c300cd7e0e3c",
        "is_verified": false,
        "line_number": 300
      },
      {
        "type": "GitLab Token",
        "filename": "tests/unit/test_cli_init.py",
        "hashed_secret": "f68bd4ab942f012db29f09bbcc991e17768aaafa",
        "is_verified": false,
        "line_number": 373
      },
      {
        "type": "Secret Keyword",
        "filename": "tests/unit/test_cli_init.py",
        "hashed_secret": "c9fa8c96fa3ac669b0cd488d4f597a0d845dcfb2",
        "is_verified": false,
        "line_number": 614
      },
      {
        "type": "Secret Keyword",
        "filename": "tests/unit/test_cli_init.py",
        "hashed_secret": "65547299f940eca3dc839f3eac85e8a78a6deb05",
        "is_verified": false,
        "line_number": 622
      },
      {
        "type": "Secret Keyword",
        "filename": "tests/unit/test_cli_init.py",
        "hashed_secret": "ae44e06b345d41cf9ce6764fb07fe2db17be99cd",
        "is_verified": false,
        "line_number": 679
      },
      {
        "type": "Secret Keyword",
        "filename": "tests/unit/test_cli_init.py",
        "hashed_secret": "60dae6886103a20b3fd75814ece38eb861246083",
        "is_verified": false,
        "line_number": 789
      },
      {
        "type": "Secret Keyword",
        "filename": "tests/unit/test_cli_init.py",
        "hashed_secret": "a54bd88e2bd740338cfb19160c0686c70facc590",
        "is_verified": false,
        "line_number": 818
      },
      {
        "type": "Secret Keyword",
        "filename": "tests/unit/test_cli_init.py",
        "hashed_secret": "a23c8630c8a5fbaa21f095e0269c135c20d21689",
        "is_verified": false,
        "line_number": 869
      },
      {
        "type": "Secret Keyword",
        "filename": "tests/unit/test_cli_init.py",
        "hashed_secret": "1e0fbeab134d32e6b1c8923eae0ee8c4d6650631",
        "is_verified": false,
        "line_number": 951
      }
    ],
    "tests/unit/test_config_credential_fields.py": [
      {
        "type": "Secret Keyword",
        "filename": "tests/unit/test_config_credential_fields.py",
        "hashed_secret": "a62f2225bf70bfaccbc7f1ef2a397836717377de",
        "is_verified": false,
        "line_number": 606
      }
    ],
    "tests/unit/test_config_settings.py": [
      {
        "type": "Secret Keyword",
        "filename": "tests/unit/test_config_settings.py",
        "hashed_secret": "2e7a7ee14caebf378fc32d6cf6f557f347c96773",
        "is_verified": false,
        "line_number": 260
      },
      {
        "type": "Secret Keyword",
        "filename": "tests/unit/test_config_settings.py",
        "hashed_secret": "cba7d8d926ee837cf3f92636a6d1cd0eb397db64",
        "is_verified": false,
        "line_number": 272
      },
      {
        "type": "Secret Keyword",
        "filename": "tests/unit/test_config_settings.py",
        "hashed_secret": "3acfb2c2b433c0ea7ff107e33df91b18e52f960f",
        "is_verified": false,
        "line_number": 325
      }
    ],
    "tests/unit/test_credential_backends.py": [
      {
        "type": "Secret Keyword",
        "filename": "tests/unit/test_credential_backends.py",
        "hashed_secret": "2e789e8575719bc48ccb82c4a130f2a39e14eedb",
        "is_verified": false,
        "line_number": 50
      },
      {
        "type": "Secret Keyword",
        "filename": "tests/unit/test_credential_backends.py",
        "hashed_secret": "9fb7fe1217aed442b04c0f5e43b5d5a7d3287097",
        "is_verified": false,
        "line_number": 324
      },
      {
        "type": "Secret Keyword",
        "filename": "tests/unit/test_credential_backends.py",
        "hashed_secret": "a94a8fe5ccb19ba61c4c0873d391e987982fbbd3",
        "is_verified": false,
        "line_number": 344
      },
      {
        "type": "Secret Keyword",
        "filename": "tests/unit/test_credential_backends.py",
        "hashed_secret": "b5bc013af872265e389b3abee36dd4932a206ab8",
        "is_verified": false,
        "line_number": 423
      },
      {
        "type": "Secret Keyword",
        "filename": "tests/unit/test_credential_backends.py",
        "hashed_secret": "e8662cfb96bd9c7fe84c31d76819ec3a92c80e63",
        "is_verified": false,
        "line_number": 430
      },
      {
        "type": "Secret Keyword",
        "filename": "tests/unit/test_credential_backends.py",
        "hashed_secret": "c45182ea11447de56072a908d1d8b802722a7a3a",
        "is_verified": false,
        "line_number": 584
      },
      {
        "type": "Secret Keyword",
        "filename": "tests/unit/test_credential_backends.py",
        "hashed_secret": "e189c0556a4f4f445226c36f77a7ab681d89fc47",
        "is_verified": false,
        "line_number": 721
      },
      {
        "type": "Secret Keyword",
        "filename": "tests/unit/test_credential_backends.py",
        "hashed_secret": "248a0e9d8f85e118d62ab5a952c5f562492e036f",
        "is_verified": false,
        "line_number": 746
      },
      {
        "type": "Secret Keyword",
        "filename": "tests/unit/test_credential_backends.py",
        "hashed_secret": "06b4c20555801bc821123147cbcef57c8058e4c2",
        "is_verified": false,
        "line_number": 763
      },
      {
        "type": "Secret Keyword",
        "filename": "tests/unit/test_credential_backends.py",
        "hashed_secret": "e533054035cf9099ffce29c57357f98f2791c15f",
        "is_verified": false,
        "line_number": 799
      }
    ],
    "tests/unit/test_credentials_coverage.py": [
      {
        "type": "Secret Keyword",
        "filename": "tests/unit/test_credentials_coverage.py",
        "hashed_secret": "a94a8fe5ccb19ba61c4c0873d391e987982fbbd3",
        "is_verified": false,
        "line_number": 49
      },
      {
        "type": "Secret Keyword",
        "filename": "tests/unit/test_credentials_coverage.py",
        "hashed_secret": "9fb7fe1217aed442b04c0f5e43b5d5a7d3287097",
        "is_verified": false,
        "line_number": 123
      }
    ],
    "tests/unit/test_engine_stages.py": [
      {
        "type": "Secret Keyword",
        "filename": "tests/unit/test_engine_stages.py",
        "hashed_secret": "3acfb2c2b433c0ea7ff107e33df91b18e52f960f",
        "is_verified": false,
        "line_number": 213
      }
    ],
    "tests/unit/test_engine_stages_coverage.py": [
      {
        "type": "Secret Keyword",
        "filename": "tests/unit/test_engine_stages_coverage.py",
        "hashed_secret": "3acfb2c2b433c0ea7ff107e33df91b18e52f960f",
        "is_verified": false,
        "line_number": 226
      }
    ],
    "tests/unit/test_engine_utils.py": [
      {
        "type": "Secret Keyword",
        "filename": "tests/unit/test_engine_utils.py",
        "hashed_secret": "3acfb2c2b433c0ea7ff107e33df91b18e52f960f",
        "is_verified": false,
        "line_number": 94
      }
    ],
    "tests/unit/test_providers_base.py": [
      {
        "type": "Hex High Entropy String",
        "filename": "tests/unit/test_providers_base.py",
        "hashed_secret": "16a7b930da66e3f7a813e0a603cd038b251b1146",
        "is_verified": false,
        "line_number": 239
      },
      {
        "type": "Secret Keyword",
        "filename": "tests/unit/test_providers_base.py",
        "hashed_secret": "bec6803d524dfc1c47988f305c1ed032ae749142",
        "is_verified": false,
        "line_number": 307
      },
      {
        "type": "Hex High Entropy String",
        "filename": "tests/unit/test_providers_base.py",
        "hashed_secret": "e3881428d6c5f285fdd894d8e2892629651a78dd",
        "is_verified": false,
        "line_number": 457
      },
      {
        "type": "Hex High Entropy String",
        "filename": "tests/unit/test_providers_base.py",
        "hashed_secret": "90bd1b48e958257948487b90bee080ba5ed00caa",
        "is_verified": false,
        "line_number": 1184
      }
    ],
    "tests/unit/test_providers_gitea.py": [
      {
        "type": "Hex High Entropy String",
        "filename": "tests/unit/test_providers_gitea.py",
        "hashed_secret": "a3d2709ddb4695bf7c836222de3fcdba279a129c",
        "is_verified": false,
        "line_number": 78
      }
    ],
    "tests/unit/test_providers_github.py": [
      {
        "type": "Secret Keyword",
        "filename": "tests/unit/test_providers_github.py",
        "hashed_secret": "159500287c06851df741128ec4b073ea394414b6",
        "is_verified": false,
        "line_number": 626
      }
    ],
    "tests/unit/test_providers_gitlab.py": [
      {
        "type": "Hex High Entropy String",
        "filename": "tests/unit/test_providers_gitlab.py",
        "hashed_secret": "a3d2709ddb4695bf7c836222de3fcdba279a129c",
        "is_verified": false,
        "line_number": 108
      }
    ],
    "tests/unit/test_providers_openai_compatible.py": [
      {
        "type": "Secret Keyword",
        "filename": "tests/unit/test_providers_openai_compatible.py",
        "hashed_secret": "2e7a7ee14caebf378fc32d6cf6f557f347c96773",
        "is_verified": false,
        "line_number": 25
      },
      {
        "type": "Secret Keyword",
        "filename": "tests/unit/test_providers_openai_compatible.py",
        "hashed_secret": "69dba6dfc0be932d10cdbfaae770c300cd7e0e3c",
        "is_verified": false,
        "line_number": 83
      }
    ],
    "tests/unit/test_rendering_filters.py": [
      {
        "type": "Basic Auth Credentials",
        "filename": "tests/unit/test_rendering_filters.py",
        "hashed_secret": "9d4e1e23bd5b727046a9e3b4b7db57bd8d6ee684",
        "is_verified": false,
        "line_number": 88
      }
    ]
  },
  "generated_at": "2026-01-07T08:14:57Z"
}
