{
  "version": "1.5.0",
  "plugins_used": [
    {
      "name": "ArtifactoryDetector"
    },
    {
      "name": "AWSKeyDetector"
    },
    {
      "name": "AzureStorageKeyDetector"
    },
    {
      "name": "Base64HighEntropyString",
      "limit": 4.5
    },
    {
      "name": "BasicAuthDetector"
    },
    {
      "name": "CloudantDetector"
    },
    {
      "name": "DiscordBotTokenDetector"
    },
    {
      "name": "GitHubTokenDetector"
    },
    {
      "name": "GitLabTokenDetector"
    },
    {
      "name": "HexHighEntropyString",
      "limit": 3.0
    },
    {
      "name": "IbmCloudIamDetector"
    },
    {
      "name": "IbmCosHmacDetector"
    },
    {
      "name": "IPPublicDetector"
    },
    {
      "name": "JwtTokenDetector"
    },
    {
      "name": "KeywordDetector",
      "keyword_exclude": ""
    },
    {
      "name": "MailchimpDetector"
    },
    {
      "name": "NpmDetector"
    },
    {
      "name": "OpenAIDetector"
    },
    {
      "name": "PrivateKeyDetector"
    },
    {
      "name": "PypiTokenDetector"
    },
    {
      "name": "SendGridDetector"
    },
    {
      "name": "SlackDetector"
    },
    {
      "name": "SoftlayerDetector"
    },
    {
      "name": "SquareOAuthDetector"
    },
    {
      "name": "StripeDetector"
    },
    {
      "name": "TelegramBotTokenDetector"
    },
    {
      "name": "TwilioKeyDetector"
    }
  ],
  "filters_used": [
    {
      "path": "detect_secrets.filters.allowlist.is_line_allowlisted"
    },
    {
      "path": "detect_secrets.filters.common.is_ignored_due_to_verification_policies",
      "min_level": 2
    },
    {
      "path": "detect_secrets.filters.heuristic.is_indirect_reference"
    },
    {
      "path": "detect_secrets.filters.heuristic.is_likely_id_string"
    },
    {
      "path": "detect_secrets.filters.heuristic.is_lock_file"
    },
    {
      "path": "detect_secrets.filters.heuristic.is_not_alphanumeric_string"
    },
    {
      "path": "detect_secrets.filters.heuristic.is_potential_uuid"
    },
    {
      "path": "detect_secrets.filters.heuristic.is_prefixed_with_dollar_sign"
    },
    {
      "path": "detect_secrets.filters.heuristic.is_sequential_string"
    },
    {
      "path": "detect_secrets.filters.heuristic.is_swagger_file"
    },
    {
      "path": "detect_secrets.filters.heuristic.is_templated_secret"
    }
  ],
  "results": {
    ".sbom/sbom.cyclonedx.json": [
      {
        "type": "Hex High Entropy String",
        "filename": ".sbom/sbom.cyclonedx.json",
        "hashed_secret": "32d1acf7148d77d7610093d7f78732e60fc7fc3c",
        "is_verified": false,
        "line_number": 1
      },
      {
        "type": "Hex High Entropy String",
        "filename": ".sbom/sbom.cyclonedx.json",
        "hashed_secret": "7905ec2710c47b8cd6df139b854f0aba3edfd5fe",
        "is_verified": false,
        "line_number": 1
      },
      {
        "type": "Hex High Entropy String",
        "filename": ".sbom/sbom.cyclonedx.json",
        "hashed_secret": "91c6050910af4ed4e444a1d9f9d02578f1dd76f3",
        "is_verified": false,
        "line_number": 1
      }
    ],
    ".sbom/sbom.spdx.json": [
      {
        "type": "Base64 High Entropy String",
        "filename": ".sbom/sbom.spdx.json",
        "hashed_secret": "0a030aa1525dab2ca19a9797deefe358aadd4359",
        "is_verified": false,
        "line_number": 1
      },
      {
        "type": "Base64 High Entropy String",
        "filename": ".sbom/sbom.spdx.json",
        "hashed_secret": "0f2f20445bd0c9f1561e9a5d5ba01c8fc80ac8eb",
        "is_verified": false,
        "line_number": 1
      },
      {
        "type": "Base64 High Entropy String",
        "filename": ".sbom/sbom.spdx.json",
        "hashed_secret": "11f6967da4406f58240a1def33ef424ec0f61ea5",
        "is_verified": false,
        "line_number": 1
      },
      {
        "type": "Base64 High Entropy String",
        "filename": ".sbom/sbom.spdx.json",
        "hashed_secret": "151676a0e9a507e584ea85ce6a1839975f4ce429",
        "is_verified": false,
        "line_number": 1
      },
      {
        "type": "Base64 High Entropy String",
        "filename": ".sbom/sbom.spdx.json",
        "hashed_secret": "185db12eed01b44fd037c0b1a79c15fbd5facff0",
        "is_verified": false,
        "line_number": 1
      },
      {
        "type": "Base64 High Entropy String",
        "filename": ".sbom/sbom.spdx.json",
        "hashed_secret": "19bc057a6d0b4a5196d0040f63c28650465e96ac",
        "is_verified": false,
        "line_number": 1
      },
      {
        "type": "Base64 High Entropy String",
        "filename": ".sbom/sbom.spdx.json",
        "hashed_secret": "1f4f80fd2e4072f907088c877869dd99579ed755",
        "is_verified": false,
        "line_number": 1
      },
      {
        "type": "Base64 High Entropy String",
        "filename": ".sbom/sbom.spdx.json",
        "hashed_secret": "22e76ba7481a1e550f175ff422b1ab1e21e0eeea",
        "is_verified": false,
        "line_number": 1
      },
      {
        "type": "Base64 High Entropy String",
        "filename": ".sbom/sbom.spdx.json",
        "hashed_secret": "2444bb6d6aeaf806801cb5be3af14c8660c87ab9",
        "is_verified": false,
        "line_number": 1
      },
      {
        "type": "Base64 High Entropy String",
        "filename": ".sbom/sbom.spdx.json",
        "hashed_secret": "24c325d4e41a42ad68f64f39c92d8a3b279c067c",
        "is_verified": false,
        "line_number": 1
      },
      {
        "type": "Base64 High Entropy String",
        "filename": ".sbom/sbom.spdx.json",
        "hashed_secret": "29d63b8ee028f453fb98733dfa4886f34afbda14",
        "is_verified": false,
        "line_number": 1
      },
      {
        "type": "Base64 High Entropy String",
        "filename": ".sbom/sbom.spdx.json",
        "hashed_secret": "2f61270ac31e53ad2e5e48fd656b3d4bf2ad4852",
        "is_verified": false,
        "line_number": 1
      },
      {
        "type": "Hex High Entropy String",
        "filename": ".sbom/sbom.spdx.json",
        "hashed_secret": "32d1acf7148d77d7610093d7f78732e60fc7fc3c",
        "is_verified": false,
        "line_number": 1
      },
      {
        "type": "Base64 High Entropy String",
        "filename": ".sbom/sbom.spdx.json",
        "hashed_secret": "3df8927a2cfc5c3befee1d7b254fe5e979b4fc19",
        "is_verified": false,
        "line_number": 1
      },
      {
        "type": "Base64 High Entropy String",
        "filename": ".sbom/sbom.spdx.json",
        "hashed_secret": "3fab9bb8043a79ada7553fcc04ec289a24fee617",
        "is_verified": false,
        "line_number": 1
      },
      {
        "type": "Base64 High Entropy String",
        "filename": ".sbom/sbom.spdx.json",
        "hashed_secret": "3fecac4c1705ca0901751d899f940c639b87486d",
        "is_verified": false,
        "line_number": 1
      },
      {
        "type": "Base64 High Entropy String",
        "filename": ".sbom/sbom.spdx.json",
        "hashed_secret": "447fadc1345aad6a331fd5df3f38b9485eb30bbd",
        "is_verified": false,
        "line_number": 1
      },
      {
        "type": "Base64 High Entropy String",
        "filename": ".sbom/sbom.spdx.json",
        "hashed_secret": "51b3e63b3b3fd199d14e54133f3f0662b3a83720",
        "is_verified": false,
        "line_number": 1
      },
      {
        "type": "Base64 High Entropy String",
        "filename": ".sbom/sbom.spdx.json",
        "hashed_secret": "54fcdf1a3f2143618b66504b07642e070b71f2af",
        "is_verified": false,
        "line_number": 1
      },
      {
        "type": "Base64 High Entropy String",
        "filename": ".sbom/sbom.spdx.json",
        "hashed_secret": "573b58c917281e9f8db5361f566636d7df612cf8",
        "is_verified": false,
        "line_number": 1
      },
      {
        "type": "Base64 High Entropy String",
        "filename": ".sbom/sbom.spdx.json",
        "hashed_secret": "5a5f75252743265c44c163bc4aaa15df24b96a75",
        "is_verified": false,
        "line_number": 1
      },
      {
        "type": "Base64 High Entropy String",
        "filename": ".sbom/sbom.spdx.json",
        "hashed_secret": "5e8be28784a9ac2dd8800e627ed2ea07c0a79b34",
        "is_verified": false,
        "line_number": 1
      },
      {
        "type": "Base64 High Entropy String",
        "filename": ".sbom/sbom.spdx.json",
        "hashed_secret": "644a59fb25655787bab10f4453dbba302bf570fe",
        "is_verified": false,
        "line_number": 1
      },
      {
        "type": "Base64 High Entropy String",
        "filename": ".sbom/sbom.spdx.json",
        "hashed_secret": "6ce1b76f7e327eed972d82692c99bc63329324e9",
        "is_verified": false,
        "line_number": 1
      },
      {
        "type": "Base64 High Entropy String",
        "filename": ".sbom/sbom.spdx.json",
        "hashed_secret": "6dbdffaf52b326ebef98242ad5e0f2538501045b",
        "is_verified": false,
        "line_number": 1
      },
      {
        "type": "Base64 High Entropy String",
        "filename": ".sbom/sbom.spdx.json",
        "hashed_secret": "6e77db85bbca3574deb6a194467d9711dc2303d5",
        "is_verified": false,
        "line_number": 1
      },
      {
        "type": "Base64 High Entropy String",
        "filename": ".sbom/sbom.spdx.json",
        "hashed_secret": "70750566c1e50f352549856b125fbb70e85ffb7e",
        "is_verified": false,
        "line_number": 1
      },
      {
        "type": "Base64 High Entropy String",
        "filename": ".sbom/sbom.spdx.json",
        "hashed_secret": "748fe3192c72c785b80ecff61b4a7f34cb602987",
        "is_verified": false,
        "line_number": 1
      },
      {
        "type": "Base64 High Entropy String",
        "filename": ".sbom/sbom.spdx.json",
        "hashed_secret": "751c73fb39a2b38ead4e8749fcbe25284806886b",
        "is_verified": false,
        "line_number": 1
      },
      {
        "type": "Base64 High Entropy String",
        "filename": ".sbom/sbom.spdx.json",
        "hashed_secret": "78c665ba0a34755ab139f7a8dbdfcc10bdfed1c0",
        "is_verified": false,
        "line_number": 1
      },
      {
        "type": "Hex High Entropy String",
        "filename": ".sbom/sbom.spdx.json",
        "hashed_secret": "7905ec2710c47b8cd6df139b854f0aba3edfd5fe",
        "is_verified": false,
        "line_number": 1
      },
      {
        "type": "Base64 High Entropy String",
        "filename": ".sbom/sbom.spdx.json",
        "hashed_secret": "7b97878692fefc66d871659dc10b65dce7edd51f",
        "is_verified": false,
        "line_number": 1
      },
      {
        "type": "Base64 High Entropy String",
        "filename": ".sbom/sbom.spdx.json",
        "hashed_secret": "7ca275cb91ff14ac297debef5ce47ffe9f74039e",
        "is_verified": false,
        "line_number": 1
      },
      {
        "type": "Base64 High Entropy String",
        "filename": ".sbom/sbom.spdx.json",
        "hashed_secret": "7cf717aa5906b8182721499a3e0e4a70d0f24c3e",
        "is_verified": false,
        "line_number": 1
      },
      {
        "type": "Base64 High Entropy String",
        "filename": ".sbom/sbom.spdx.json",
        "hashed_secret": "8237351b83538a1406b0919bc549ae7ef7a43dd6",
        "is_verified": false,
        "line_number": 1
      },
      {
        "type": "Base64 High Entropy String",
        "filename": ".sbom/sbom.spdx.json",
        "hashed_secret": "8483faa69655617c84f16ab8b578b8e05f42dd62",
        "is_verified": false,
        "line_number": 1
      },
      {
        "type": "Base64 High Entropy String",
        "filename": ".sbom/sbom.spdx.json",
        "hashed_secret": "8544a2aed287ca61515e1398c0ad0028b7e7bd99",
        "is_verified": false,
        "line_number": 1
      },
      {
        "type": "Base64 High Entropy String",
        "filename": ".sbom/sbom.spdx.json",
        "hashed_secret": "89e0095dec73f0e3fffa28a07895e4cad7678a75",
        "is_verified": false,
        "line_number": 1
      },
      {
        "type": "Base64 High Entropy String",
        "filename": ".sbom/sbom.spdx.json",
        "hashed_secret": "8a50c8b7b0da5a1d3f75e51c0d3953105c4aba7a",
        "is_verified": false,
        "line_number": 1
      },
      {
        "type": "Base64 High Entropy String",
        "filename": ".sbom/sbom.spdx.json",
        "hashed_secret": "8f1c518ba6a4eb85d2ebfd49bf0dae4973c684ab",
        "is_verified": false,
        "line_number": 1
      },
      {
        "type": "Base64 High Entropy String",
        "filename": ".sbom/sbom.spdx.json",
        "hashed_secret": "902bb3f78839e31ec1be1c4f165130454a382823",
        "is_verified": false,
        "line_number": 1
      },
      {
        "type": "Base64 High Entropy String",
        "filename": ".sbom/sbom.spdx.json",
        "hashed_secret": "926146c674823c60a69f9bd295c898580fd73b68",
        "is_verified": false,
        "line_number": 1
      },
      {
        "type": "Base64 High Entropy String",
        "filename": ".sbom/sbom.spdx.json",
        "hashed_secret": "9524426cfa325260e70b19da073582eb2700e283",
        "is_verified": false,
        "line_number": 1
      },
      {
        "type": "Base64 High Entropy String",
        "filename": ".sbom/sbom.spdx.json",
        "hashed_secret": "9b4600f308af0c7998bddff34ceea278c296755d",
        "is_verified": false,
        "line_number": 1
      },
      {
        "type": "Base64 High Entropy String",
        "filename": ".sbom/sbom.spdx.json",
        "hashed_secret": "9ccba2335174aa1c5882b93181e2f44d86952831",
        "is_verified": false,
        "line_number": 1
      },
      {
        "type": "Base64 High Entropy String",
        "filename": ".sbom/sbom.spdx.json",
        "hashed_secret": "9ccd73d36a6c84056d990e38cea6489ebd829d06",
        "is_verified": false,
        "line_number": 1
      },
      {
        "type": "Base64 High Entropy String",
        "filename": ".sbom/sbom.spdx.json",
        "hashed_secret": "9d2712210aa851e1a8b71aaeb77491d1d060cb9a",
        "is_verified": false,
        "line_number": 1
      },
      {
        "type": "Base64 High Entropy String",
        "filename": ".sbom/sbom.spdx.json",
        "hashed_secret": "ac74cad1c27a2ca35a1fb1cc6bbfad4a0f1936cf",
        "is_verified": false,
        "line_number": 1
      },
      {
        "type": "Base64 High Entropy String",
        "filename": ".sbom/sbom.spdx.json",
        "hashed_secret": "b006508c623e129c6daa650a7dba1132433b7aad",
        "is_verified": false,
        "line_number": 1
      },
      {
        "type": "Base64 High Entropy String",
        "filename": ".sbom/sbom.spdx.json",
        "hashed_secret": "b05cb1b209b9f4bec4a1fe422d0b8f3742e5fb4c",
        "is_verified": false,
        "line_number": 1
      },
      {
        "type": "Base64 High Entropy String",
        "filename": ".sbom/sbom.spdx.json",
        "hashed_secret": "b207fba103b5085830b0c34c6a0802362cfeec32",
        "is_verified": false,
        "line_number": 1
      },
      {
        "type": "Base64 High Entropy String",
        "filename": ".sbom/sbom.spdx.json",
        "hashed_secret": "b4d35e7871fd11ec6a8bd911b34ec7fd3b54aef7",
        "is_verified": false,
        "line_number": 1
      },
      {
        "type": "Base64 High Entropy String",
        "filename": ".sbom/sbom.spdx.json",
        "hashed_secret": "bca02e7b26b576bddc2f81c680f33f7de89bb2ab",
        "is_verified": false,
        "line_number": 1
      },
      {
        "type": "Base64 High Entropy String",
        "filename": ".sbom/sbom.spdx.json",
        "hashed_secret": "bd7ad49bcf5e6e7cef558be7abb8ca887e50a6aa",
        "is_verified": false,
        "line_number": 1
      },
      {
        "type": "Base64 High Entropy String",
        "filename": ".sbom/sbom.spdx.json",
        "hashed_secret": "c7e8585536079ec6946e0963afc758aba51e6772",
        "is_verified": false,
        "line_number": 1
      },
      {
        "type": "Base64 High Entropy String",
        "filename": ".sbom/sbom.spdx.json",
        "hashed_secret": "ce287e256182052a48a153a6855425dabeb6a090",
        "is_verified": false,
        "line_number": 1
      },
      {
        "type": "Base64 High Entropy String",
        "filename": ".sbom/sbom.spdx.json",
        "hashed_secret": "d14226fce4cc20948cb5ea2d1ea964a5bb721902",
        "is_verified": false,
        "line_number": 1
      },
      {
        "type": "Base64 High Entropy String",
        "filename": ".sbom/sbom.spdx.json",
        "hashed_secret": "d9ae198e44c847eb409c4e4639e2742dd72a60e7",
        "is_verified": false,
        "line_number": 1
      },
      {
        "type": "Base64 High Entropy String",
        "filename": ".sbom/sbom.spdx.json",
        "hashed_secret": "db137343c9ae668a3b1b72473e1f9c75fb3ecb18",
        "is_verified": false,
        "line_number": 1
      },
      {
        "type": "Base64 High Entropy String",
        "filename": ".sbom/sbom.spdx.json",
        "hashed_secret": "df74d4fca0346d8d6d125947d86ac494c9c676ee",
        "is_verified": false,
        "line_number": 1
      },
      {
        "type": "Base64 High Entropy String",
        "filename": ".sbom/sbom.spdx.json",
        "hashed_secret": "e82984720041635940236a4f93520b05260cb5ff",
        "is_verified": false,
        "line_number": 1
      },
      {
        "type": "Base64 High Entropy String",
        "filename": ".sbom/sbom.spdx.json",
        "hashed_secret": "e9d617fa0e8f1150143303a5696478dc5c736faf",
        "is_verified": false,
        "line_number": 1
      },
      {
        "type": "Base64 High Entropy String",
        "filename": ".sbom/sbom.spdx.json",
        "hashed_secret": "ee689457b408af9339ec589ecd845f77477623bd",
        "is_verified": false,
        "line_number": 1
      },
      {
        "type": "Base64 High Entropy String",
        "filename": ".sbom/sbom.spdx.json",
        "hashed_secret": "f12cde22c9616c20876a607d65cccf6d0732e477",
        "is_verified": false,
        "line_number": 1
      },
      {
        "type": "Base64 High Entropy String",
        "filename": ".sbom/sbom.spdx.json",
        "hashed_secret": "f2f801aa34c904e92eb1060bf8a038609e45d0d2",
        "is_verified": false,
        "line_number": 1
      },
      {
        "type": "Base64 High Entropy String",
        "filename": ".sbom/sbom.spdx.json",
        "hashed_secret": "f5f51aefdcbe906190055e1cfdebe7048923c164",
        "is_verified": false,
        "line_number": 1
      }
    ],
    "README.md": [
      {
        "type": "Secret Keyword",
        "filename": "README.md",
        "hashed_secret": "11fa7c37d697f30e6aee828b4426a10f83ab2380",
        "is_verified": false,
        "line_number": 147
      }
    ],
    "claude/CLAUDE-global.md": [
      {
        "type": "Secret Keyword",
        "filename": "claude/CLAUDE-global.md",
        "hashed_secret": "f84b0c24dcbc448913eb5e7913330b4735574246",
        "is_verified": false,
        "line_number": 237
      }
    ],
    "docs/CREDENTIALS.md": [
      {
        "type": "Secret Keyword",
        "filename": "docs/CREDENTIALS.md",
        "hashed_secret": "077a2d97c8313e74442fdb2da3186731e7ac825d",
        "is_verified": false,
        "line_number": 176
      },
      {
        "type": "Secret Keyword",
        "filename": "docs/CREDENTIALS.md",
        "hashed_secret": "324b93c32bebb94748ac73cf0ac4cd37d0ffe99e",
        "is_verified": false,
        "line_number": 437
      }
    ],
    "docs/DEPLOYMENT_GUIDE.md": [
      {
        "type": "Secret Keyword",
        "filename": "docs/DEPLOYMENT_GUIDE.md",
        "hashed_secret": "6d9c68c603e465077bdd49c62347fe54717f83a3",
        "is_verified": false,
        "line_number": 192
      }
    ],
    "docs/GETTING_STARTED.md": [
      {
        "type": "Secret Keyword",
        "filename": "docs/GETTING_STARTED.md",
        "hashed_secret": "10dd29cfdb03918fe786f563f827b792f847b3dd",
        "is_verified": false,
        "line_number": 192
      },
      {
        "type": "Secret Keyword",
        "filename": "docs/GETTING_STARTED.md",
        "hashed_secret": "a6778f1880744bd1a342a8e3789135412d8f9da2",
        "is_verified": false,
        "line_number": 223
      },
      {
        "type": "Secret Keyword",
        "filename": "docs/GETTING_STARTED.md",
        "hashed_secret": "11fa7c37d697f30e6aee828b4426a10f83ab2380",
        "is_verified": false,
        "line_number": 363
      },
      {
        "type": "Secret Keyword",
        "filename": "docs/GETTING_STARTED.md",
        "hashed_secret": "0ff6c1dae8aef3ad124b18274672793962c51954",
        "is_verified": false,
        "line_number": 499
      }
    ],
    "docs/GOOSE_SETUP.md": [
      {
        "type": "Secret Keyword",
        "filename": "docs/GOOSE_SETUP.md",
        "hashed_secret": "bad20ce8953a58e8c0e634c770cbd5ab0644b617",
        "is_verified": false,
        "line_number": 367
      },
      {
        "type": "Secret Keyword",
        "filename": "docs/GOOSE_SETUP.md",
        "hashed_secret": "c7a8c334eef5d1749fface7d42c66f9ae5e8cf36",
        "is_verified": false,
        "line_number": 368
      },
      {
        "type": "Secret Keyword",
        "filename": "docs/GOOSE_SETUP.md",
        "hashed_secret": "a219d7693c25cd2d93313512e200ff3eb374d281",
        "is_verified": false,
        "line_number": 369
      },
      {
        "type": "Secret Keyword",
        "filename": "docs/GOOSE_SETUP.md",
        "hashed_secret": "709cb3397618155abdb90666b163355546be6a47",
        "is_verified": false,
        "line_number": 370
      }
    ],
    "docs/INIT_COMMAND_GUIDE.md": [
      {
        "type": "Secret Keyword",
        "filename": "docs/INIT_COMMAND_GUIDE.md",
        "hashed_secret": "a8253456364f1bfc7da7ae4a1db5b45d106317a5",
        "is_verified": false,
        "line_number": 91
      },
      {
        "type": "Secret Keyword",
        "filename": "docs/INIT_COMMAND_GUIDE.md",
        "hashed_secret": "354b3a4b7715d3694c88a4fa7db49e41de86568e",
        "is_verified": false,
        "line_number": 113
      },
      {
        "type": "Secret Keyword",
        "filename": "docs/INIT_COMMAND_GUIDE.md",
        "hashed_secret": "036b7ce5a63f97e96313662f01623758e223b9a1",
        "is_verified": false,
        "line_number": 620
      }
    ],
    "docs/RELEASE_PROCESS.md": [
      {
        "type": "Secret Keyword",
        "filename": "docs/RELEASE_PROCESS.md",
        "hashed_secret": "01d7c26841032cdb52726360693e10c23bf5e3fe",
        "is_verified": false,
        "line_number": 86
      }
    ],
    "docs/ci-cd-usage.md": [
      {
        "type": "Secret Keyword",
        "filename": "docs/ci-cd-usage.md",
        "hashed_secret": "6d9c68c603e465077bdd49c62347fe54717f83a3",
        "is_verified": false,
        "line_number": 445
      }
    ],
    "docs/secrets-setup.md": [
      {
        "type": "Secret Keyword",
        "filename": "docs/secrets-setup.md",
        "hashed_secret": "6d9c68c603e465077bdd49c62347fe54717f83a3",
        "is_verified": false,
        "line_number": 166
      }
    ],
    "repo_sapiens/cli/health.py": [
      {
        "type": "Secret Keyword",
        "filename": "repo_sapiens/cli/health.py",
        "hashed_secret": "2be88ca4242c76e8253ac62474851065032d6833",
        "is_verified": false,
        "line_number": 165
      }
    ],
    "repo_sapiens/cli/init.py": [
      {
        "type": "Secret Keyword",
        "filename": "repo_sapiens/cli/init.py",
        "hashed_secret": "6d9c68c603e465077bdd49c62347fe54717f83a3",
        "is_verified": false,
        "line_number": 80
      },
      {
        "type": "Secret Keyword",
        "filename": "repo_sapiens/cli/init.py",
        "hashed_secret": "c267b646441a206d44803d8cb20896c4a166cac2",
        "is_verified": false,
        "line_number": 1476
      },
      {
        "type": "Secret Keyword",
        "filename": "repo_sapiens/cli/init.py",
        "hashed_secret": "2be88ca4242c76e8253ac62474851065032d6833",
        "is_verified": false,
        "line_number": 1559
      }
    ],
    "repo_sapiens/config/playground_config.yaml": [
      {
        "type": "Hex High Entropy String",
        "filename": "repo_sapiens/config/playground_config.yaml",
        "hashed_secret": "e3c128f97c9621ebcf256fe608df4e4fc73a9441",
        "is_verified": false,
        "line_number": 7
      }
    ],
    "repo_sapiens/credentials/encrypted_backend.py": [
      {
        "type": "Secret Keyword",
        "filename": "repo_sapiens/credentials/encrypted_backend.py",
        "hashed_secret": "354b3a4b7715d3694c88a4fa7db49e41de86568e",
        "is_verified": false,
        "line_number": 42
      }
    ],
    "repo_sapiens/providers/github_rest.py": [
      {
        "type": "Secret Keyword",
        "filename": "repo_sapiens/providers/github_rest.py",
        "hashed_secret": "326b426f9ac7a96ed6baf62f8838565416d27df8",
        "is_verified": false,
        "line_number": 422
      }
    ],
    "repo_sapiens/utils/agent_detector.py": [
      {
        "type": "Secret Keyword",
        "filename": "repo_sapiens/utils/agent_detector.py",
        "hashed_secret": "02ecb94373bfb3dfe827ca18409f50b016e8302a",
        "is_verified": false,
        "line_number": 348
      },
      {
        "type": "Secret Keyword",
        "filename": "repo_sapiens/utils/agent_detector.py",
        "hashed_secret": "f8ca0d7266886f4b5be9adddc9b66017b3bf1a4b",
        "is_verified": false,
        "line_number": 369
      },
      {
        "type": "Secret Keyword",
        "filename": "repo_sapiens/utils/agent_detector.py",
        "hashed_secret": "96133e4265d7a277409c8094e5eff6a41934cf07",
        "is_verified": false,
        "line_number": 445
      },
      {
        "type": "Secret Keyword",
        "filename": "repo_sapiens/utils/agent_detector.py",
        "hashed_secret": "1a37d41260f96724ee881be5e261b4d043f0626b",
        "is_verified": false,
        "line_number": 473
      },
      {
        "type": "Secret Keyword",
        "filename": "repo_sapiens/utils/agent_detector.py",
        "hashed_secret": "69e8e34d7bf29f8e2159ea3f6b5f34c17b3393ad",
        "is_verified": false,
        "line_number": 496
      }
    ],
    "tests/conftest.py": [
      {
        "type": "Secret Keyword",
        "filename": "tests/conftest.py",
        "hashed_secret": "3acfb2c2b433c0ea7ff107e33df91b18e52f960f",
        "is_verified": false,
        "line_number": 140
      }
    ],
    "tests/test_credentials/test_encrypted_backend.py": [
      {
        "type": "Secret Keyword",
        "filename": "tests/test_credentials/test_encrypted_backend.py",
        "hashed_secret": "a79425d5dfc9cb6e5ed85fa44bf4d63d73e6a5b8",
        "is_verified": false,
        "line_number": 20
      },
      {
        "type": "Secret Keyword",
        "filename": "tests/test_credentials/test_encrypted_backend.py",
        "hashed_secret": "437feeefa7f3ed939b72a4143386258835558b84",
        "is_verified": false,
        "line_number": 162
      }
    ],
    "tests/test_credentials/test_integration.py": [
      {
        "type": "Secret Keyword",
        "filename": "tests/test_credentials/test_integration.py",
        "hashed_secret": "a79425d5dfc9cb6e5ed85fa44bf4d63d73e6a5b8",
        "is_verified": false,
        "line_number": 29
      },
      {
        "type": "Secret Keyword",
        "filename": "tests/test_credentials/test_integration.py",
        "hashed_secret": "644ed441683b44fa5dddc1dcdcef224ce6098327",
        "is_verified": false,
        "line_number": 160
      },
      {
        "type": "Secret Keyword",
        "filename": "tests/test_credentials/test_integration.py",
        "hashed_secret": "425697fa9692ea5035739863d2481dbfcddfa31f",
        "is_verified": false,
        "line_number": 185
      },
      {
        "type": "Secret Keyword",
        "filename": "tests/test_credentials/test_integration.py",
        "hashed_secret": "60dae6886103a20b3fd75814ece38eb861246083",
        "is_verified": false,
        "line_number": 217
      },
      {
        "type": "Secret Keyword",
        "filename": "tests/test_credentials/test_integration.py",
        "hashed_secret": "ba8d2c26a7be9765d949c2f0571e26922a4a40a2",
        "is_verified": false,
        "line_number": 249
      }
    ],
    "tests/test_credentials/test_security.py": [
      {
        "type": "Secret Keyword",
        "filename": "tests/test_credentials/test_security.py",
        "hashed_secret": "437feeefa7f3ed939b72a4143386258835558b84",
        "is_verified": false,
        "line_number": 62
      },
      {
        "type": "Secret Keyword",
        "filename": "tests/test_credentials/test_security.py",
        "hashed_secret": "968c73e728bb8d01bf7e5b0e40cd943f28ce1d42",
        "is_verified": false,
        "line_number": 150
      },
      {
        "type": "Secret Keyword",
        "filename": "tests/test_credentials/test_security.py",
        "hashed_secret": "996e35de57a02b8c71534fb9bcbf1dafc3cd6f69",
        "is_verified": false,
        "line_number": 169
      },
      {
        "type": "Secret Keyword",
        "filename": "tests/test_credentials/test_security.py",
        "hashed_secret": "0d0719a5ccecd7127c0fb2f379adc701201ea6b8",
        "is_verified": false,
        "line_number": 234
      }
    ],
    "tests/unit/test_agent_detector.py": [
      {
        "type": "Secret Keyword",
        "filename": "tests/unit/test_agent_detector.py",
        "hashed_secret": "02ecb94373bfb3dfe827ca18409f50b016e8302a",
        "is_verified": false,
        "line_number": 404
      },
      {
        "type": "Secret Keyword",
        "filename": "tests/unit/test_agent_detector.py",
        "hashed_secret": "f8ca0d7266886f4b5be9adddc9b66017b3bf1a4b",
        "is_verified": false,
        "line_number": 412
      },
      {
        "type": "Secret Keyword",
        "filename": "tests/unit/test_agent_detector.py",
        "hashed_secret": "1a37d41260f96724ee881be5e261b4d043f0626b",
        "is_verified": false,
        "line_number": 437
      }
    ],
    "tests/unit/test_agents_module.py": [
      {
        "type": "Secret Keyword",
        "filename": "tests/unit/test_agents_module.py",
        "hashed_secret": "3acfb2c2b433c0ea7ff107e33df91b18e52f960f",
        "is_verified": false,
        "line_number": 323
      }
    ],
    "tests/unit/test_cli_credentials.py": [
      {
        "type": "Secret Keyword",
        "filename": "tests/unit/test_cli_credentials.py",
        "hashed_secret": "a6db0d7da19cc3f00828c0a80133f401910ca402",
        "is_verified": false,
        "line_number": 667
      },
      {
        "type": "Secret Keyword",
        "filename": "tests/unit/test_cli_credentials.py",
        "hashed_secret": "7576504dc6b2c155f0fd3b236d754bb8cafe3120",
        "is_verified": false,
        "line_number": 679
      }
    ],
    "tests/unit/test_cli_init.py": [
      {
        "type": "Secret Keyword",
        "filename": "tests/unit/test_cli_init.py",
        "hashed_secret": "69dba6dfc0be932d10cdbfaae770c300cd7e0e3c",
        "is_verified": false,
        "line_number": 300
      },
      {
        "type": "GitLab Token",
        "filename": "tests/unit/test_cli_init.py",
        "hashed_secret": "f68bd4ab942f012db29f09bbcc991e17768aaafa",
        "is_verified": false,
        "line_number": 369
      },
      {
        "type": "Secret Keyword",
        "filename": "tests/unit/test_cli_init.py",
        "hashed_secret": "c9fa8c96fa3ac669b0cd488d4f597a0d845dcfb2",
        "is_verified": false,
        "line_number": 606
      },
      {
        "type": "Secret Keyword",
        "filename": "tests/unit/test_cli_init.py",
        "hashed_secret": "65547299f940eca3dc839f3eac85e8a78a6deb05",
        "is_verified": false,
        "line_number": 614
      },
      {
        "type": "Secret Keyword",
        "filename": "tests/unit/test_cli_init.py",
        "hashed_secret": "ae44e06b345d41cf9ce6764fb07fe2db17be99cd",
        "is_verified": false,
        "line_number": 667
      },
      {
        "type": "Secret Keyword",
        "filename": "tests/unit/test_cli_init.py",
        "hashed_secret": "60dae6886103a20b3fd75814ece38eb861246083",
        "is_verified": false,
        "line_number": 771
      },
      {
        "type": "Secret Keyword",
        "filename": "tests/unit/test_cli_init.py",
        "hashed_secret": "a54bd88e2bd740338cfb19160c0686c70facc590",
        "is_verified": false,
        "line_number": 798
      },
      {
        "type": "Secret Keyword",
        "filename": "tests/unit/test_cli_init.py",
        "hashed_secret": "a23c8630c8a5fbaa21f095e0269c135c20d21689",
        "is_verified": false,
        "line_number": 847
      },
      {
        "type": "Secret Keyword",
        "filename": "tests/unit/test_cli_init.py",
        "hashed_secret": "1e0fbeab134d32e6b1c8923eae0ee8c4d6650631",
        "is_verified": false,
        "line_number": 923
      }
    ],
    "tests/unit/test_config_credential_fields.py": [
      {
        "type": "Secret Keyword",
        "filename": "tests/unit/test_config_credential_fields.py",
        "hashed_secret": "a62f2225bf70bfaccbc7f1ef2a397836717377de",
        "is_verified": false,
        "line_number": 606
      }
    ],
    "tests/unit/test_config_settings.py": [
      {
        "type": "Secret Keyword",
        "filename": "tests/unit/test_config_settings.py",
        "hashed_secret": "2e7a7ee14caebf378fc32d6cf6f557f347c96773",
        "is_verified": false,
        "line_number": 260
      },
      {
        "type": "Secret Keyword",
        "filename": "tests/unit/test_config_settings.py",
        "hashed_secret": "cba7d8d926ee837cf3f92636a6d1cd0eb397db64",
        "is_verified": false,
        "line_number": 272
      },
      {
        "type": "Secret Keyword",
        "filename": "tests/unit/test_config_settings.py",
        "hashed_secret": "3acfb2c2b433c0ea7ff107e33df91b18e52f960f",
        "is_verified": false,
        "line_number": 325
      }
    ],
    "tests/unit/test_credential_backends.py": [
      {
        "type": "Secret Keyword",
        "filename": "tests/unit/test_credential_backends.py",
        "hashed_secret": "2e789e8575719bc48ccb82c4a130f2a39e14eedb",
        "is_verified": false,
        "line_number": 50
      },
      {
        "type": "Secret Keyword",
        "filename": "tests/unit/test_credential_backends.py",
        "hashed_secret": "9fb7fe1217aed442b04c0f5e43b5d5a7d3287097",
        "is_verified": false,
        "line_number": 322
      },
      {
        "type": "Secret Keyword",
        "filename": "tests/unit/test_credential_backends.py",
        "hashed_secret": "a94a8fe5ccb19ba61c4c0873d391e987982fbbd3",
        "is_verified": false,
        "line_number": 342
      },
      {
        "type": "Secret Keyword",
        "filename": "tests/unit/test_credential_backends.py",
        "hashed_secret": "b5bc013af872265e389b3abee36dd4932a206ab8",
        "is_verified": false,
        "line_number": 421
      },
      {
        "type": "Secret Keyword",
        "filename": "tests/unit/test_credential_backends.py",
        "hashed_secret": "e8662cfb96bd9c7fe84c31d76819ec3a92c80e63",
        "is_verified": false,
        "line_number": 428
      },
      {
        "type": "Secret Keyword",
        "filename": "tests/unit/test_credential_backends.py",
        "hashed_secret": "c45182ea11447de56072a908d1d8b802722a7a3a",
        "is_verified": false,
        "line_number": 582
      },
      {
        "type": "Secret Keyword",
        "filename": "tests/unit/test_credential_backends.py",
        "hashed_secret": "e189c0556a4f4f445226c36f77a7ab681d89fc47",
        "is_verified": false,
        "line_number": 719
      },
      {
        "type": "Secret Keyword",
        "filename": "tests/unit/test_credential_backends.py",
        "hashed_secret": "248a0e9d8f85e118d62ab5a952c5f562492e036f",
        "is_verified": false,
        "line_number": 744
      },
      {
        "type": "Secret Keyword",
        "filename": "tests/unit/test_credential_backends.py",
        "hashed_secret": "06b4c20555801bc821123147cbcef57c8058e4c2",
        "is_verified": false,
        "line_number": 761
      },
      {
        "type": "Secret Keyword",
        "filename": "tests/unit/test_credential_backends.py",
        "hashed_secret": "e533054035cf9099ffce29c57357f98f2791c15f",
        "is_verified": false,
        "line_number": 797
      }
    ],
    "tests/unit/test_credentials_coverage.py": [
      {
        "type": "Secret Keyword",
        "filename": "tests/unit/test_credentials_coverage.py",
        "hashed_secret": "a94a8fe5ccb19ba61c4c0873d391e987982fbbd3",
        "is_verified": false,
        "line_number": 49
      },
      {
        "type": "Secret Keyword",
        "filename": "tests/unit/test_credentials_coverage.py",
        "hashed_secret": "9fb7fe1217aed442b04c0f5e43b5d5a7d3287097",
        "is_verified": false,
        "line_number": 121
      }
    ],
    "tests/unit/test_engine_stages.py": [
      {
        "type": "Secret Keyword",
        "filename": "tests/unit/test_engine_stages.py",
        "hashed_secret": "3acfb2c2b433c0ea7ff107e33df91b18e52f960f",
        "is_verified": false,
        "line_number": 213
      }
    ],
    "tests/unit/test_engine_stages_coverage.py": [
      {
        "type": "Secret Keyword",
        "filename": "tests/unit/test_engine_stages_coverage.py",
        "hashed_secret": "3acfb2c2b433c0ea7ff107e33df91b18e52f960f",
        "is_verified": false,
        "line_number": 226
      }
    ],
    "tests/unit/test_engine_utils.py": [
      {
        "type": "Secret Keyword",
        "filename": "tests/unit/test_engine_utils.py",
        "hashed_secret": "3acfb2c2b433c0ea7ff107e33df91b18e52f960f",
        "is_verified": false,
        "line_number": 94
      }
    ],
    "tests/unit/test_providers_base.py": [
      {
        "type": "Hex High Entropy String",
        "filename": "tests/unit/test_providers_base.py",
        "hashed_secret": "16a7b930da66e3f7a813e0a603cd038b251b1146",
        "is_verified": false,
        "line_number": 233
      },
      {
        "type": "Secret Keyword",
        "filename": "tests/unit/test_providers_base.py",
        "hashed_secret": "bec6803d524dfc1c47988f305c1ed032ae749142",
        "is_verified": false,
        "line_number": 299
      },
      {
        "type": "Hex High Entropy String",
        "filename": "tests/unit/test_providers_base.py",
        "hashed_secret": "e3881428d6c5f285fdd894d8e2892629651a78dd",
        "is_verified": false,
        "line_number": 449
      },
      {
        "type": "Hex High Entropy String",
        "filename": "tests/unit/test_providers_base.py",
        "hashed_secret": "90bd1b48e958257948487b90bee080ba5ed00caa",
        "is_verified": false,
        "line_number": 1166
      }
    ],
    "tests/unit/test_providers_gitea.py": [
      {
        "type": "Hex High Entropy String",
        "filename": "tests/unit/test_providers_gitea.py",
        "hashed_secret": "a3d2709ddb4695bf7c836222de3fcdba279a129c",
        "is_verified": false,
        "line_number": 78
      }
    ],
    "tests/unit/test_providers_github.py": [
      {
        "type": "Secret Keyword",
        "filename": "tests/unit/test_providers_github.py",
        "hashed_secret": "159500287c06851df741128ec4b073ea394414b6",
        "is_verified": false,
        "line_number": 616
      }
    ],
    "tests/unit/test_providers_gitlab.py": [
      {
        "type": "Hex High Entropy String",
        "filename": "tests/unit/test_providers_gitlab.py",
        "hashed_secret": "a3d2709ddb4695bf7c836222de3fcdba279a129c",
        "is_verified": false,
        "line_number": 108
      }
    ],
    "tests/unit/test_providers_openai_compatible.py": [
      {
        "type": "Secret Keyword",
        "filename": "tests/unit/test_providers_openai_compatible.py",
        "hashed_secret": "2e7a7ee14caebf378fc32d6cf6f557f347c96773",
        "is_verified": false,
        "line_number": 25
      },
      {
        "type": "Secret Keyword",
        "filename": "tests/unit/test_providers_openai_compatible.py",
        "hashed_secret": "69dba6dfc0be932d10cdbfaae770c300cd7e0e3c",
        "is_verified": false,
        "line_number": 83
      }
    ],
    "tests/unit/test_rendering_filters.py": [
      {
        "type": "Basic Auth Credentials",
        "filename": "tests/unit/test_rendering_filters.py",
        "hashed_secret": "9d4e1e23bd5b727046a9e3b4b7db57bd8d6ee684",
        "is_verified": false,
        "line_number": 88
      }
    ]
  },
  "generated_at": "2026-01-12T07:46:42Z"
}
